#1 [internal] load local bake definitions
#1 reading from stdin 557B done
#1 DONE 0.0s

#2 [internal] load build definition from Dockerfile
#2 transferring dockerfile: 327B done
#2 DONE 0.0s

#3 [internal] load metadata for docker.io/library/python:3.12-slim
#3 DONE 0.1s

#4 [internal] load .dockerignore
#4 transferring context: 2B done
#4 DONE 0.0s

#5 [1/5] FROM docker.io/library/python:3.12-slim@sha256:1aa78876248db92b67d93d039d3149e5fe01a979665bc0f33594ceb74c6720c1
#5 DONE 0.0s

#6 [internal] load build context
#6 transferring context: 63B done
#6 DONE 0.0s

#7 [2/5] WORKDIR /app
#7 CACHED

#8 [3/5] COPY requirements.txt .
#8 CACHED

#9 [4/5] RUN pip install --no-cache-dir -r requirements.txt
#9 CACHED

#10 [5/5] COPY app.py .
#10 CACHED

#11 exporting to image
#11 exporting layers done
#11 writing image sha256:8fd272adfe0bb0d7251f7b8d13f5f4624b1f6d89723700fd5a6b3bcb7d071b30 done
#11 naming to docker.io/library/xor-chall done
#11 DONE 0.0s

#12 resolving provenance for metadata file
#12 DONE 0.0s
 xor-chall  Built
 Container xor-chall-1  Running
